../Core/Src/main.c:74:5:UART_Transmit	24	static
../Core/Src/main.c:84:6:HAL_UART_TxCpltCallback	16	static
../Core/Src/main.c:96:6:printMessages	8	static
../Core/Src/main.c:104:6:printMessages2	8	static
../Core/Src/main.c:126:6:ledTask	8	static
../Core/Src/main.c:142:6:ledStart	16	static
../Core/Src/main.c:148:6:ledStop	8	static
../Core/Src/main.c:165:6:HAL_UART_RxCpltCallback	16	static
../Core/Src/main.c:197:5:commTask	8	static
../Core/Src/main.c:220:6:handleCommand	40	static
../Core/Src/main.c:249:5:_write	24	static
../Core/Src/main.c:261:5:main	8	static
../Core/Src/main.c:319:6:SystemClock_Config	96	static
../Core/Src/main.c:369:13:MX_TIM6_Init	24	static
../Core/Src/main.c:407:13:MX_USART2_UART_Init	8	static
../Core/Src/main.c:442:13:MX_GPIO_Init	48	static
../Core/Src/main.c:471:1:__io_putchar	16	static
../Core/Src/main.c:485:6:Error_Handler	4	static,ignoring_inline_asm
