../Core/Src/main.c:74:5:UART_Transmit	24	static
../Core/Src/main.c:84:6:HAL_UART_TxCpltCallback	16	static
../Core/Src/main.c:96:6:printMessages	8	static
../Core/Src/main.c:104:6:printMessages2	8	static
../Core/Src/main.c:126:6:ledTask	8	static
../Core/Src/main.c:142:6:ledStart	16	static
../Core/Src/main.c:148:6:ledStop	8	static
../Core/Src/main.c:165:5:Communication_commTask	16	static
../Core/Src/main.c:214:6:Communication_handleCommand	40	static
../Core/Src/main.c:243:5:_write	24	static
../Core/Src/main.c:255:5:main	8	static
../Core/Src/main.c:313:6:SystemClock_Config	96	static
../Core/Src/main.c:363:13:MX_TIM6_Init	24	static
../Core/Src/main.c:401:13:MX_USART2_UART_Init	8	static
../Core/Src/main.c:436:13:MX_GPIO_Init	48	static
../Core/Src/main.c:465:1:__io_putchar	16	static
../Core/Src/main.c:479:6:Error_Handler	4	static,ignoring_inline_asm
