../Core/Src/main.c:63:6:HAL_GPIO_EXTI_Callback	16	static
../Core/Src/main.c:71:6:HAL_TIM_PeriodElapsedCallback	16	static
../Core/Src/main.c:85:5:commTask	16	static
../Core/Src/main.c:114:6:handleCommand	40	static
../Core/Src/main.c:150:5:main	8	static
../Core/Src/main.c:200:6:SystemClock_Config	96	static
../Core/Src/main.c:250:13:MX_TIM6_Init	24	static
../Core/Src/main.c:288:13:MX_USART2_UART_Init	8	static
../Core/Src/main.c:323:13:MX_GPIO_Init	48	static
../Core/Src/main.c:356:1:__io_putchar	16	static
../Core/Src/main.c:370:6:Error_Handler	4	static,ignoring_inline_asm
