../Core/Src/main.c:64:6:LEDcontrol	8	static
../Core/Src/main.c:92:6:HAL_TIM_PeriodElapsedCallback	16	static
../Core/Src/main.c:124:6:HAL_GPIO_EXTI_Callback	16	static
../Core/Src/main.c:204:5:Communication_commTask	16	static
../Core/Src/main.c:253:6:Communication_handleCommand	40	static
../Core/Src/main.c:303:5:_write	24	static
../Core/Src/main.c:313:5:main	8	static
../Core/Src/main.c:367:6:SystemClock_Config	96	static
../Core/Src/main.c:417:13:MX_TIM4_Init	40	static
../Core/Src/main.c:462:13:MX_TIM6_Init	24	static
../Core/Src/main.c:500:13:MX_USART2_UART_Init	8	static
../Core/Src/main.c:535:13:MX_GPIO_Init	48	static
../Core/Src/main.c:575:6:Error_Handler	4	static,ignoring_inline_asm
