../Core/Src/main.c:76:6:ledTask	8	static
../Core/Src/main.c:92:6:ledStart	16	static
../Core/Src/main.c:98:6:ledStop	8	static
../Core/Src/main.c:114:5:commTask	16	static
../Core/Src/main.c:163:6:handleCommand	40	static
../Core/Src/main.c:192:5:_write	24	static
../Core/Src/main.c:203:5:main	8	static
../Core/Src/main.c:255:6:SystemClock_Config	96	static
../Core/Src/main.c:305:13:MX_TIM6_Init	24	static
../Core/Src/main.c:343:13:MX_USART2_UART_Init	8	static
../Core/Src/main.c:378:13:MX_GPIO_Init	48	static
../Core/Src/main.c:407:1:__io_putchar	16	static
../Core/Src/main.c:421:6:Error_Handler	4	static,ignoring_inline_asm
