../Core/Src/main.c:64:6:HAL_GPIO_EXTI_Callback	16	static
../Core/Src/main.c:72:6:HAL_TIM_PeriodElapsedCallback	16	static
../Core/Src/main.c:86:5:commTask	16	static
../Core/Src/main.c:115:6:handleCommand	32	static
../Core/Src/main.c:152:5:main	8	static
../Core/Src/main.c:202:6:SystemClock_Config	96	static
../Core/Src/main.c:252:13:MX_TIM6_Init	24	static
../Core/Src/main.c:290:13:MX_USART2_UART_Init	8	static
../Core/Src/main.c:325:13:MX_GPIO_Init	48	static
../Core/Src/main.c:354:1:__io_putchar	16	static
../Core/Src/main.c:368:6:Error_Handler	4	static,ignoring_inline_asm
