../Core/Src/main.c:80:6:playNote	16	static
../Core/Src/main.c:92:6:playNextNote	8	static
../Core/Src/main.c:101:6:HAL_GPIO_EXTI_Callback	16	static
../Core/Src/main.c:117:6:HAL_TIM_PeriodElapsedCallback	16	static
../Core/Src/main.c:130:5:main	8	static
../Core/Src/main.c:176:6:SystemClock_Config	96	static
../Core/Src/main.c:226:13:MX_TIM3_Init	64	static
../Core/Src/main.c:285:13:MX_TIM6_Init	24	static
../Core/Src/main.c:323:13:MX_USART2_UART_Init	8	static
../Core/Src/main.c:358:13:MX_GPIO_Init	48	static
../Core/Src/main.c:404:6:Error_Handler	4	static,ignoring_inline_asm
