../Core/Src/main.c:82:6:playNote	16	static
../Core/Src/main.c:94:6:playNextNote	8	static
../Core/Src/main.c:103:6:HAL_GPIO_EXTI_Callback	16	static
../Core/Src/main.c:119:6:HAL_TIM_PeriodElapsedCallback	16	static
../Core/Src/main.c:132:5:main	8	static
../Core/Src/main.c:178:6:SystemClock_Config	96	static
../Core/Src/main.c:228:13:MX_TIM3_Init	64	static
../Core/Src/main.c:287:13:MX_TIM6_Init	24	static
../Core/Src/main.c:325:13:MX_USART2_UART_Init	8	static
../Core/Src/main.c:360:13:MX_GPIO_Init	48	static
../Core/Src/main.c:406:6:Error_Handler	4	static,ignoring_inline_asm
