20:56:21 **** Incremental Build of configuration Debug for project Main ****
make -j12 all 
arm-none-eabi-gcc "../Core/Src/myMain.c" -mcpu=cortex-m4 -std=gnu11 -g3 -DDEBUG -DUSE_HAL_DRIVER -DSTM32L476xx -c -I../Core/Inc -I../Drivers/STM32L4xx_HAL_Driver/Inc -I../Drivers/STM32L4xx_HAL_Driver/Inc/Legacy -I../Drivers/CMSIS/Device/ST/STM32L4xx/Include -I../Drivers/CMSIS/Include -O0 -ffunction-sections -fdata-sections -Wall -fstack-usage -MMD -MP -MF"Core/Src/myMain.d" -MT"Core/Src/myMain.o" --specs=nano.specs -mfpu=fpv4-sp-d16 -mfloat-abi=hard -mthumb -o "Core/Src/myMain.o"
arm-none-eabi-gcc -o "Main.elf" @"objects.list"   -mcpu=cortex-m4 -T"C:\Users\student\STM32CubeIDE\workspace_1.9.0\Main\STM32L476RGTX_FLASH.ld" --specs=nosys.specs -Wl,-Map="Main.map" -Wl,--gc-sections -static --specs=nano.specs -mfpu=fpv4-sp-d16 -mfloat-abi=hard -mthumb -Wl,--start-group -lc -lm -Wl,--end-group
Finished building target: Main.elf
 
arm-none-eabi-size   Main.elf 
arm-none-eabi-objdump -h -S  Main.elf  > "Main.list"
   text	   data	    bss	    dec	    hex	filename
  25616	    176	   2016	  27808	   6ca0	Main.elf
Finished building: default.size.stdout
 
Finished building: Main.list
 
20:56:28 **** Incremental Build of configuration Debug for project Main ****
make -j12 all 
arm-none-eabi-size   Main.elf 
   text	   data	    bss	    dec	    hex	filename
  25616	    176	   2016	  27808	   6ca0	Main.elf
Finished building: default.size.stdout
 
