19:14:31 **** Build of configuration Debug for project Terminal ****
make -j12 all 
arm-none-eabi-gcc "../Core/Src/main.c" -mcpu=cortex-m4 -std=gnu11 -g3 -DDEBUG -DUSE_HAL_DRIVER -DSTM32L476xx -c -I../Core/Inc -I../Drivers/STM32L4xx_HAL_Driver/Inc -I../Drivers/STM32L4xx_HAL_Driver/Inc/Legacy -I../Drivers/CMSIS/Device/ST/STM32L4xx/Include -I../Drivers/CMSIS/Include -O0 -ffunction-sections -fdata-sections -Wall -fstack-usage -MMD -MP -MF"Core/Src/main.d" -MT"Core/Src/main.o" --specs=nano.specs -mfpu=fpv4-sp-d16 -mfloat-abi=hard -mthumb -o "Core/Src/main.o"
../Core/Src/main.c: In function 'handleCommand':
../Core/Src/main.c:175:7: warning: implicit declaration of function 'strcmp' [-Wimplicit-function-declaration]
  175 |   if (strcmp(cmd, "start") == 0)
      |       ^~~~~~
../Core/Src/main.c: In function 'main':
../Core/Src/main.c:236:11: warning: unused variable 'ch' [-Wunused-variable]
  236 |   uint8_t ch;
      |           ^~
arm-none-eabi-gcc -o "Terminal.elf" @"objects.list"   -mcpu=cortex-m4 -T"C:\Users\student\STM32CubeIDE\workspace_1.9.0\Terminal\STM32L476RGTX_FLASH.ld" --specs=nosys.specs -Wl,-Map="Terminal.map" -Wl,--gc-sections -static --specs=nano.specs -mfpu=fpv4-sp-d16 -mfloat-abi=hard -mthumb -Wl,--start-group -lc -lm -Wl,--end-group
Finished building target: Terminal.elf
 
arm-none-eabi-size   Terminal.elf 
arm-none-eabi-objdump -h -S  Terminal.elf  > "Terminal.list"
   text	   data	    bss	    dec	    hex	filename
  21520	    120	   1920	  23560	   5c08	Terminal.elf
Finished building: default.size.stdout
 
Finished building: Terminal.list
 

19:14:32 Build Finished. 0 errors, 2 warnings. (took 1s.186ms)

